[    0.333 ms][tid 3c60] ### sc3resize loaded - resizable-window mod (minimal Init-free routine, validated 2026-08-27 over 6 runs)
[    0.481 ms][tid 3c60] ### FLAGS> cluster=0 input=0 nohit=0 hudfit=1 hudlab=0 sweep=0 side=1 mini=1 anchor=1 census=0 minzoom=0 readyms=3000 noparentfix=0 huddy=8 sidedy=150
[    0.536 ms][tid 3c60] ### VEH crash logger installed (logs any hardware fault MODULE+RVA - for the zoom-after-resize crash the game swallows)
[    2.758 ms][tid 87d4] RZ   *** VEH FAULT *** code=0xC0000096 at SC3U.exe+0x84122 (base 0x00400000)  (resize step at fault=0)
[    2.877 ms][tid 87d4] RZ   VEH regs eax=00000000 ecx=93910000 edx=00000000 ebx=00000001 esi=7FFFFFFF edi=FFFFFFFF ebp=001AFD00 esp=001AFCFC
[    2.929 ms][tid 87d4] RZ   VEH [esp]=0x00000000 -> 0x00000000 (no module)
[  118.492 ms][tid c110] ### RESIZE: SIMSPR base 0x03320000 (relocated: YES)  GZGraphicD base 0x026E0000 (YES)
[  118.587 ms][tid c110] --- WINDOWED: GZGraphicD+0x6cdac = 0 -> 1
[  118.655 ms][tid c110] --- WINDOWED: GZGraphicD+0x117D6 'mov [ebx+0x48],1' -> nop x4
[  118.728 ms][tid c110] --- FIX16: 16bpp branch injected at 0x19349 -> cave 0x03680000 (5-6-5)
[  118.824 ms][tid c110] --- GRIDB_CLAMP FUN_1000cedb: index clamped (hook 0xCFAB -> cave 0x614E0, base 0x03320000)
[  119.376 ms][tid c110] --- GRIDB_CLAMP FUN_1000d0f5: index clamped (hook 0xD281 -> cave 0x61520, base 0x03320000)
[  119.460 ms][tid c110] --- GRIDB_CLAMP FUN_1000be25: index clamped (hook 0xC412 -> cave 0x61560, base 0x03320000)
[  119.532 ms][tid c110] --- GRIDB_CLAMP FUN_1000ef50: index clamped (hook 0xEF50 -> cave 0x615A0, base 0x03320000)
[  119.642 ms][tid c110] --- GRIDB_CLAMP FUN_1000efa1: index clamped (hook 0xEFD6 -> cave 0x615E0, base 0x03320000)
[  119.702 ms][tid c110] --- EFA1_GUARD: empty-bucket branch 0xefc2 retargeted to the ret (was -> 0xefe3 deref)
[  119.733 ms][tid c110] --- GRIDB_CLAMP: 4 walkers index-clamped (FIX A) + FUN_1000efa1 null-guarded (FIX C)
[  119.963 ms][tid c110] ### RESIZE: armed - windowed+fix16 applied, bridge capture at SIMSPR+0x16EBA, per-frame poll at GZGraphicD+0x18C58 (create recorder DROPPED after v2 crash)
[  120.074 ms][tid c110] --- HUD: FUN_100270e5 wrapped (cave 0x036A0000 tr 0x03690060) - top-strip reflow armed
[  120.121 ms][tid c110] FN  SIMUI FUN_1004e123 side ctor: relocated rel32 at +3 -> 0x0341D9BE
[  120.176 ms][tid c110] FN  SIMUI FUN_1001a983 ctor A: relocated rel32 at +3 -> 0x0343C2F7
[ 1541.380 ms][tid 87d4] ### RESIZE: window 0x03A909CE subclassed (old proc 0x026F7E11) - WM_SIZE observed, resize performed on the render thread
[ 4687.044 ms][tid 87d4] ### SIDE: panel window captured 0x0D3C6BB0 (SIMUI FUN_1004e123 ctor)
[ 4735.636 ms][tid 87d4] ### RESIZE: bridge captured 0x0E1B7428 (iso view = bridge+0x18 = 0x00000000); readiness gate = 3000 ms
[ 5314.752 ms][tid 87d4] ### MINI: window captured 0x0F06A1D0 vt=0x0347A180 dest(this+0x90)=[640 436 800 600] 160x164
[10091.742 ms][tid 87d4] RZ   STOREDRECT win=0x00C7ADE8 rect BEFORE {0,0,800,600} = 800x600
[10091.821 ms][tid 87d4] RZ   STOREDRECT rect AFTER  {0,0,2048,1081} = 2048x1081 - right/bottom updated
[10091.845 ms][tid 87d4] RZ   WM_SIZE 2048x1081 - poll will pick it up on the next frame
[10092.394 ms][tid 87d4] RZ   size change: client 2048x1081 vs render target 800x600
[10092.486 ms][tid 87d4] RZ   ---- resize to 2048x1081 ---- iso=0x0DB39B90 R=0x0F06B140 B=0x0058A440 bridge=0x0E1B7428
[10092.513 ms][tid 87d4] RZ   extent BEFORE: (-848,2924,-48,3524) -> 800x600  dirtygrid=40x30 cell=20x20
[10092.652 ms][tid 87d4] RZ   extent AFTER: (-848,2924,1200,4005) -> 2048x1081  dirtygrid=16x8 cell=128x135  (cell sizes plausible)
[10092.695 ms][tid 87d4] RZ   render-target iso+0x74 0x0F06B140 NO RECORDED CREATE (0 known) - FALLING BACK to field read-back [_ _ 7 16 0 0 0 0]. Field read-back is NOT proven equivalent: p3 measured 7 vs a recorded 4 on 2026-08-28.
[10092.718 ms][tid 87d4] RZ   render-target iso+0x74 replay at 2048x1081 (+8 guard rows -> alloc h=1089, zoom-blit overrun fix)
[10092.792 ms][tid 87d4] RZ   render-target iso+0x74 FUN_10009efb -> 1 | now +0x24=2048 +0x28=1089
[10092.906 ms][tid 87d4] RZ   device-surface iso+0x4ec 0x0058A440 NO RECORDED CREATE (0 known) - FALLING BACK to field read-back [_ _ 7 16 0 0 3 0]. Field read-back is NOT proven equivalent: p3 measured 7 vs a recorded 4 on 2026-08-28.
[10092.942 ms][tid 87d4] RZ   device-surface iso+0x4ec replay at 2048x1081 (+8 guard rows -> alloc h=1089, zoom-blit overrun fix)
[10095.527 ms][tid 87d4] RZ   device-surface iso+0x4ec FUN_10009efb -> 1 | now +0x24=2048 +0x28=1089
[10158.101 ms][tid 87d4] RZ   FUN_10018cdf -> 1
[10158.187 ms][tid 87d4] RZ   [step 8a] FUN_1000c8f9(iso) - recompute object draw keys
[10158.220 ms][tid 87d4] RZ   [step 8b] FUN_1000c9bd(iso, &sentinel, iso+0x54, 1) - clear grid + region pickup + re-register (the real object re-register, not the leaf FUN_1000fa36)
[10158.531 ms][tid 87d4] RZ   [step 8b] FUN_1000c9bd returned
[10162.509 ms][tid 87d4] RZ   [step 8c] grid re-show 256x256: 65536 occupied, 65536 re-shown, 0 bad (hide+show +0x38/+0x34 per cell)
[10162.594 ms][tid 87d4] RZ   [step 9] present list iso+0x4d0: begin=0x0DAFF448 end=0x0DAFF468 (2 rect(s)) - erase then push {0,0,2048,1081}
[10162.624 ms][tid 87d4] RZ   [step 9] after: begin=0x0DAFF448 end=0x0DAFF458 (1 rect(s))
[10162.642 ms][tid 87d4] RZ   [step 10] device batch begin: dev=0x0DC5EDB0 +0x240
[10162.662 ms][tid 87d4] RZ   [step 10] FUN_1000db86(iso) - whole-view repaint (iso vt+0x144)
[10162.687 ms][tid 87d4] RZ   [step 10] device batch end +0x244 - presented; iso+0x32c=1
[10162.712 ms][tid 87d4] RZ   [step 11] FUN_10018cdf(bridge, base layer 0x0D3D73F8, base rend 0x0F031978, force=1) - SetDataView(0) core, restore active layer + forced refresh
[10239.289 ms][tid 87d4] RZ   [step 11] returned - active layer bridge+0x28 = 0x0D3D73F8
[10239.459 ms][tid 87d4] MINI> dock [640 436 800 600] -> [1888 925 2048 1089]
[10239.510 ms][tid 87d4] MINI> local [640 436 800 600] -> [1888 925 2048 1089]
[10239.555 ms][tid 87d4] HIT> minimap: rect +0x80..0x8c = [1888 925 2048 1089] (160x164)  want origin (1888,925)
[10239.598 ms][tid 87d4] ANCHOR> re-anchored 2 of 4 windows (dx=1248 dy=489)
[10239.631 ms][tid 87d4] HUDLAB> HUD SetRect vt+0xc8=0x033F6776  [0,544,599,600] -> [0,1033,2048,1089]
[10239.679 ms][tid 87d4] HUDLAB> HUD SetRect returned; rect now [0,1033,2048,1089]
[10239.784 ms][tid 87d4] HUDFIT> child[0x2a]: cached pristine art 600x56 pitch=1200 (one-time)
[10239.829 ms][tid 87d4] HUDFIT> child[0x2a]=0x0063B4C8 -> refitting to 2048x56 (art 600x56)
[10239.858 ms][tid 87d4] RZ   HUD child surface 0x0063B4C8 NO RECORDED CREATE (0 known) - FALLING BACK to field read-back [_ _ 7 16 0 0 0 0]. Field read-back is NOT proven equivalent: p3 measured 7 vs a recorded 4 on 2026-08-28.
[10239.880 ms][tid 87d4] RZ   HUD child surface replay at 2048x56 (+8 guard rows -> alloc h=64, zoom-blit overrun fix)
[10239.978 ms][tid 87d4] RZ   HUD child surface FUN_10009efb -> 1 | now +0x24=2048 +0x28=64
[10239.999 ms][tid 87d4] HUDFIT> bar IDirectDrawSurface* now 0x0BEBA198 (was 0x03A81A40)
[10240.018 ms][tid 87d4] HUDFIT> lock vt+0x0c=0x026F8A82 -> 1 | depth=1 bits=0x102345B0 pitch=4096
[10240.038 ms][tid 87d4] HUDFIT> tiled the 600x56 art across 2048x64 (pitch 4096, 114688 px written)
[10240.055 ms][tid 87d4] HUDFIT> unlock vt+0x10 -> 1 | depth now 0
[10240.079 ms][tid 87d4] HUDFIT> child[0x2b]: cached pristine art 16x64 pitch=32 (one-time)
[10240.094 ms][tid 87d4] HUDFIT> child[0x2b]=0x0063B540 -> refitting to 2048x64 (art 16x64)
[10240.112 ms][tid 87d4] RZ   HUD child surface 0x0063B540 NO RECORDED CREATE (0 known) - FALLING BACK to field read-back [_ _ 7 16 0 0 0 0]. Field read-back is NOT proven equivalent: p3 measured 7 vs a recorded 4 on 2026-08-28.
[10240.127 ms][tid 87d4] RZ   HUD child surface replay at 2048x64 (+8 guard rows -> alloc h=72, zoom-blit overrun fix)
[10240.203 ms][tid 87d4] RZ   HUD child surface FUN_10009efb -> 1 | now +0x24=2048 +0x28=72
[10240.221 ms][tid 87d4] HUDFIT> bar IDirectDrawSurface* now 0x0BEBA0D8 (was 0x03A817C0)
[10240.239 ms][tid 87d4] HUDFIT> lock vt+0x0c=0x026F8A82 -> 1 | depth=1 bits=0x102745C0 pitch=4096
[10240.317 ms][tid 87d4] HUDFIT> tiled the 16x64 art across 2048x72 (pitch 4096, 131072 px written)
[10240.373 ms][tid 87d4] HUDFIT> unlock vt+0x10 -> 1 | depth now 0
[10240.406 ms][tid 87d4] SRCRECT> DISABLED (SC3RESIZE_SRCRECT=0) - leaving the 16-px tile step, so the full-width bar keeps its ~128 blits/frame
[10240.425 ms][tid 87d4] SIDE> SetRect vt+0xc8=0x0341E20B  [704,0,800,442] -> [1952,0,2048,1081]
[10240.537 ms][tid 87d4] SIDE> SetRect returned; rect now [1952,0,2048,1081] (tiled child +0xcc=0x00000000)
[10240.560 ms][tid 87d4] SIDEFIT> background target 1056 (client 1081 - cap 25) -> requesting 1048 + 8 slack; cap left at native so minH = 1056 + 25 = 1081
[10240.593 ms][tid 87d4] SIDEFIT> +0xc0 cached pristine art 96x417 pitch=192 (one-time)
[10240.610 ms][tid 87d4] SIDEFIT> +0xc0=0x0F039B68 -> refitting to 96x1048 (art 96x417)
[10240.627 ms][tid 87d4] RZ   side child surface 0x0F039B68 NO RECORDED CREATE (0 known) - FALLING BACK to field read-back [_ _ 7 16 0 0 0 0]. Field read-back is NOT proven equivalent: p3 measured 7 vs a recorded 4 on 2026-08-28.
[10240.644 ms][tid 87d4] RZ   side child surface replay at 96x1048 (+8 guard rows -> alloc h=1056, zoom-blit overrun fix)
[10240.704 ms][tid 87d4] RZ   side child surface FUN_10009efb -> 1 | now +0x24=96 +0x28=1056
[10240.724 ms][tid 87d4] SIDEFIT> lock -> 1 | bits=0x102EF0A0 pitch=192 new 96x1056
[10240.751 ms][tid 87d4] SIDEFIT> placed the 96x417 art ONCE at row 489 of 1056 and filled the rest from plain art row 413 (no tiling)
[10240.772 ms][tid 87d4] SIDEFIT> re-SetRect [1952 0 2048 1081] -> local now [1952 0 2048 1081]
[10240.787 ms][tid 87d4] SIDEFIT> dest rect +0xd0 [0 0 96 1056] left as-is (cap top 1056, panel 1081)
[10240.810 ms][tid 87d4] SIDEKIDS> pushed 71 side-panel BUTTON(s) down by 489 (panel 1081 tall local, native 442) + invalidated the panel
[10240.833 ms][tid 87d4] PARENT> bar hop 0: 0x00641C68 ABS [0 0 800 600] LOCAL [0 0 800 600] -> 2048x1081
[10240.851 ms][tid 87d4] PARENT> bar hop 1: 0x005A9CA0 ABS [0 0 800 600] LOCAL [0 0 800 600] -> 2048x1081
[10240.865 ms][tid 87d4] PARENT> side hop 0: 0x00641C68 [0 0 2048 1081] already covers 2048x1081
[10240.879 ms][tid 87d4] PARENT> side hop 1: 0x005A9CA0 [0 0 2048 1081] already covers 2048x1081
[10240.894 ms][tid 87d4] PARENT> minimap hop 0: 0x00641C68 [0 0 2048 1081] already covers 2048x1081
[10240.908 ms][tid 87d4] PARENT> minimap hop 1: 0x005A9CA0 [0 0 2048 1081] already covers 2048x1081
[10240.922 ms][tid 87d4] PARENT> win hop 0: 0x00641C68 [0 0 2048 1081] already covers 2048x1081
[10240.935 ms][tid 87d4] PARENT> win hop 1: 0x005A9CA0 [0 0 2048 1081] already covers 2048x1081
[10240.951 ms][tid 87d4] PARENT> win hop 0: 0x00641C68 [0 0 2048 1081] already covers 2048x1081
[10240.966 ms][tid 87d4] PARENT> win hop 1: 0x005A9CA0 [0 0 2048 1081] already covers 2048x1081
[10240.980 ms][tid 87d4] PARENT> win hop 0: 0x00641C68 [0 0 2048 1081] already covers 2048x1081
[10240.993 ms][tid 87d4] PARENT> win hop 1: 0x005A9CA0 [0 0 2048 1081] already covers 2048x1081
[10241.008 ms][tid 87d4] PARENT> win hop 0: 0x0F06A1D0 ABS [640 436 800 600] LOCAL [1888 925 2048 1089] -> 2048x1081
[10241.022 ms][tid 87d4] PARENT> win hop 1: 0x00641C68 [0 0 2048 1081] already covers 2048x1081
[10241.036 ms][tid 87d4] PARENT> win hop 2: 0x005A9CA0 [0 0 2048 1081] already covers 2048x1081
[10241.058 ms][tid 87d4] GEOM> root ext already [0 0 2048 1081]
[10241.091 ms][tid 87d4] GEOM> city view 0x0F06BACC hit [0 0 800 600] bounds [0 0 704 544]
[10241.106 ms][tid 87d4] GEOM> city view    hit [0 0 2048 1081] bounds [0 0 2048 1081]  (map clicks + camera pan)
[10241.121 ms][tid 87d4] GEOM> corner widget 0x0D3D2820 [774 574] -> [2022 1063] (hit rect carried)
[10241.136 ms][tid 87d4] GEOM> relocated 1 native-corner widget(s) by (1248,489)
[10241.175 ms][tid 87d4] CASCADE> root 0x005A9CA0 vt+0x168 + vt+0x14c - derived rects rebuilt tree-wide from the LOCAL rects
[10241.208 ms][tid 87d4] RZ   ---- done (viewport: steps 1-11; step 12 HUD reflow not shipped, native) ----
