[    0.383 ms][tid 8674] ### sc3resize loaded - resizable-window mod (minimal Init-free routine, validated 2026-08-27 over 6 runs)
[    0.538 ms][tid 8674] ### FLAGS> cluster=0 input=0 nohit=0 hudfit=1 hudlab=0 sweep=0 side=1 mini=1 anchor=1 census=0 minzoom=0 readyms=3000 noparentfix=0 huddy=8 sidedy=150
[    0.590 ms][tid 8674] ### VEH crash logger installed (logs any hardware fault MODULE+RVA - for the zoom-after-resize crash the game swallows)
[    3.607 ms][tid 7f34] RZ   *** VEH FAULT *** code=0xC0000096 at SC3U.exe+0x84122 (base 0x00400000)  (resize step at fault=0)
[    3.707 ms][tid 7f34] RZ   VEH regs eax=00000000 ecx=224D0000 edx=00000000 ebx=00000001 esi=7FFFFFFF edi=FFFFFFFF ebp=001AFD00 esp=001AFCFC
[    3.760 ms][tid 7f34] RZ   VEH [esp]=0x00000000 -> 0x00000000 (no module)
[  106.673 ms][tid 22b8] ### RESIZE: SIMSPR base 0x03310000 (relocated: YES)  GZGraphicD base 0x02EF0000 (YES)
[  106.804 ms][tid 22b8] --- WINDOWED: GZGraphicD+0x6cdac = 0 -> 1
[  106.883 ms][tid 22b8] --- WINDOWED: GZGraphicD+0x117D6 'mov [ebx+0x48],1' -> nop x4
[  106.940 ms][tid 22b8] --- FIX16: 16bpp branch injected at 0x19349 -> cave 0x03680000 (5-6-5)
[  106.990 ms][tid 22b8] --- GRIDB_CLAMP FUN_1000cedb: index clamped (hook 0xCFAB -> cave 0x614E0, base 0x03310000)
[  107.032 ms][tid 22b8] --- GRIDB_CLAMP FUN_1000d0f5: index clamped (hook 0xD281 -> cave 0x61520, base 0x03310000)
[  107.073 ms][tid 22b8] --- GRIDB_CLAMP FUN_1000be25: index clamped (hook 0xC412 -> cave 0x61560, base 0x03310000)
[  107.113 ms][tid 22b8] --- GRIDB_CLAMP FUN_1000ef50: index clamped (hook 0xEF50 -> cave 0x615A0, base 0x03310000)
[  107.152 ms][tid 22b8] --- GRIDB_CLAMP FUN_1000efa1: index clamped (hook 0xEFD6 -> cave 0x615E0, base 0x03310000)
[  107.178 ms][tid 22b8] --- EFA1_GUARD: empty-bucket branch 0xefc2 retargeted to the ret (was -> 0xefe3 deref)
[  107.195 ms][tid 22b8] --- GRIDB_CLAMP: 4 walkers index-clamped (FIX A) + FUN_1000efa1 null-guarded (FIX C)
[  107.245 ms][tid 22b8] ### RESIZE: armed - windowed+fix16 applied, bridge capture at SIMSPR+0x16EBA, per-frame poll at GZGraphicD+0x18C58 (create recorder DROPPED after v2 crash)
[  107.303 ms][tid 22b8] --- HUD: FUN_100270e5 wrapped (cave 0x036A0000 tr 0x03690060) - top-strip reflow armed
[  107.324 ms][tid 22b8] FN  SIMUI FUN_1004e123 side ctor: relocated rel32 at +3 -> 0x0340D9BE
[  107.353 ms][tid 22b8] FN  SIMUI FUN_1001a983 ctor A: relocated rel32 at +3 -> 0x0342C2F7
[ 1442.226 ms][tid 7f34] ### RESIZE: window 0x018414E2 subclassed (old proc 0x02F07E11) - WM_SIZE observed, resize performed on the render thread
[ 4268.895 ms][tid 7f34] ### SIDE: panel window captured 0x0D34A818 (SIMUI FUN_1004e123 ctor)
[ 4318.324 ms][tid 7f34] ### RESIZE: bridge captured 0x0E1A7D58 (iso view = bridge+0x18 = 0x00000000); readiness gate = 3000 ms
[ 4862.210 ms][tid 7f34] ### MINI: window captured 0x0F051AF0 vt=0x0346A180 dest(this+0x90)=[640 436 800 600] 160x164
[ 9512.186 ms][tid 7f34] RZ   size change: client 2048x1081 vs render target 800x600
[ 9512.276 ms][tid 7f34] RZ   ---- resize to 2048x1081 ---- iso=0x0DB35918 R=0x0F050068 B=0x0058C958 bridge=0x0E1A7D58
[ 9512.298 ms][tid 7f34] RZ   extent BEFORE: (-848,2924,-48,3524) -> 800x600  dirtygrid=40x30 cell=20x20
[ 9512.326 ms][tid 7f34] RZ   extent AFTER: (-848,2924,1200,4005) -> 2048x1081  dirtygrid=16x8 cell=128x135  (cell sizes plausible)
[ 9512.352 ms][tid 7f34] RZ   render-target iso+0x74 0x0F050068 NO RECORDED CREATE (0 known) - FALLING BACK to field read-back [_ _ 7 16 0 0 0 0]. Field read-back is NOT proven equivalent: p3 measured 7 vs a recorded 4 on 2026-08-28.
[ 9512.368 ms][tid 7f34] RZ   render-target iso+0x74 replay at 2048x1081 (+8 guard rows -> alloc h=1089, zoom-blit overrun fix)
[ 9512.419 ms][tid 7f34] RZ   render-target iso+0x74 FUN_10009efb -> 1 | now +0x24=2048 +0x28=1089
[ 9512.440 ms][tid 7f34] RZ   device-surface iso+0x4ec 0x0058C958 NO RECORDED CREATE (0 known) - FALLING BACK to field read-back [_ _ 7 16 0 0 3 0]. Field read-back is NOT proven equivalent: p3 measured 7 vs a recorded 4 on 2026-08-28.
[ 9512.506 ms][tid 7f34] RZ   device-surface iso+0x4ec replay at 2048x1081 (+8 guard rows -> alloc h=1089, zoom-blit overrun fix)
[ 9515.192 ms][tid 7f34] RZ   device-surface iso+0x4ec FUN_10009efb -> 1 | now +0x24=2048 +0x28=1089
[ 9563.573 ms][tid 7f34] RZ   FUN_10018cdf -> 1
[ 9563.648 ms][tid 7f34] RZ   [step 8a] FUN_1000c8f9(iso) - recompute object draw keys
[ 9563.678 ms][tid 7f34] RZ   [step 8b] FUN_1000c9bd(iso, &sentinel, iso+0x54, 1) - clear grid + region pickup + re-register (the real object re-register, not the leaf FUN_1000fa36)
[ 9564.040 ms][tid 7f34] RZ   [step 8b] FUN_1000c9bd returned
[ 9567.573 ms][tid 7f34] RZ   [step 8c] grid re-show 256x256: 65536 occupied, 65536 re-shown, 0 bad (hide+show +0x38/+0x34 per cell)
[ 9567.616 ms][tid 7f34] RZ   [step 9] present list iso+0x4d0: begin=0x0DAEF3B0 end=0x0DAEF3D0 (2 rect(s)) - erase then push {0,0,2048,1081}
[ 9567.632 ms][tid 7f34] RZ   [step 9] after: begin=0x0DAEF3B0 end=0x0DAEF3C0 (1 rect(s))
[ 9567.647 ms][tid 7f34] RZ   [step 10] device batch begin: dev=0x0D989DF8 +0x240
[ 9567.660 ms][tid 7f34] RZ   [step 10] FUN_1000db86(iso) - whole-view repaint (iso vt+0x144)
[ 9567.677 ms][tid 7f34] RZ   [step 10] device batch end +0x244 - presented; iso+0x32c=1
[ 9567.692 ms][tid 7f34] RZ   [step 11] FUN_10018cdf(bridge, base layer 0x0DD01DC8, base rend 0x0F019DC0, force=1) - SetDataView(0) core, restore active layer + forced refresh
[ 9621.061 ms][tid 7f34] RZ   [step 11] returned - active layer bridge+0x28 = 0x0DD01DC8
[ 9621.142 ms][tid 7f34] MINI> dock [640 436 800 600] -> [1888 925 2048 1089]
[ 9621.161 ms][tid 7f34] MINI> local [640 436 800 600] -> [1888 925 2048 1089]
[ 9621.176 ms][tid 7f34] HIT> minimap: rect +0x80..0x8c = [1888 925 2048 1089] (160x164)  want origin (1888,925)
[ 9621.191 ms][tid 7f34] ANCHOR> re-anchored 2 of 4 windows (dx=1248 dy=489)
[ 9621.206 ms][tid 7f34] HUDLAB> HUD SetRect vt+0xc8=0x033E6776  [0,544,599,600] -> [0,1033,2048,1089]
[ 9621.229 ms][tid 7f34] HUDLAB> HUD SetRect returned; rect now [0,1033,2048,1089]
[ 9621.303 ms][tid 7f34] HUDFIT> child[0x2a]: cached pristine art 600x56 pitch=1200 (one-time)
[ 9621.321 ms][tid 7f34] HUDFIT> child[0x2a]=0x0063DEE0 -> refitting to 2048x56 (art 600x56)
[ 9621.338 ms][tid 7f34] RZ   HUD child surface 0x0063DEE0 NO RECORDED CREATE (0 known) - FALLING BACK to field read-back [_ _ 7 16 0 0 0 0]. Field read-back is NOT proven equivalent: p3 measured 7 vs a recorded 4 on 2026-08-28.
[ 9621.352 ms][tid 7f34] RZ   HUD child surface replay at 2048x56 (+8 guard rows -> alloc h=64, zoom-blit overrun fix)
[ 9621.471 ms][tid 7f34] RZ   HUD child surface FUN_10009efb -> 1 | now +0x24=2048 +0x28=64
[ 9621.489 ms][tid 7f34] HUDFIT> bar IDirectDrawSurface* now 0x0C056008 (was 0x00953908)
[ 9621.506 ms][tid 7f34] HUDFIT> lock vt+0x0c=0x02F08A82 -> 1 | depth=1 bits=0x102115D0 pitch=4096
[ 9621.526 ms][tid 7f34] HUDFIT> tiled the 600x56 art across 2048x64 (pitch 4096, 114688 px written)
[ 9621.542 ms][tid 7f34] HUDFIT> unlock vt+0x10 -> 1 | depth now 0
[ 9621.563 ms][tid 7f34] HUDFIT> child[0x2b]: cached pristine art 16x64 pitch=32 (one-time)
[ 9621.578 ms][tid 7f34] HUDFIT> child[0x2b]=0x0063DAA8 -> refitting to 2048x64 (art 16x64)
[ 9621.594 ms][tid 7f34] RZ   HUD child surface 0x0063DAA8 NO RECORDED CREATE (0 known) - FALLING BACK to field read-back [_ _ 7 16 0 0 0 0]. Field read-back is NOT proven equivalent: p3 measured 7 vs a recorded 4 on 2026-08-28.
[ 9621.607 ms][tid 7f34] RZ   HUD child surface replay at 2048x64 (+8 guard rows -> alloc h=72, zoom-blit overrun fix)
[ 9621.751 ms][tid 7f34] RZ   HUD child surface FUN_10009efb -> 1 | now +0x24=2048 +0x28=72
[ 9621.769 ms][tid 7f34] HUDFIT> bar IDirectDrawSurface* now 0x0C056648 (was 0x009537C8)
[ 9621.784 ms][tid 7f34] HUDFIT> lock vt+0x0c=0x02F08A82 -> 1 | depth=1 bits=0x102515E0 pitch=4096
[ 9621.821 ms][tid 7f34] HUDFIT> tiled the 16x64 art across 2048x72 (pitch 4096, 131072 px written)
[ 9621.836 ms][tid 7f34] HUDFIT> unlock vt+0x10 -> 1 | depth now 0
[ 9621.851 ms][tid 7f34] SRCRECT> tile step [0 0 16 64] step=16 -> right=2048 step=2048  (FUN_10026841: ~128 blits/frame -> ~1)
[ 9621.914 ms][tid 7f34] SIDE> SetRect vt+0xc8=0x0340E20B  [704,0,800,442] -> [1952,0,2048,1081]
[ 9622.063 ms][tid 7f34] SIDE> SetRect returned; rect now [1952,0,2048,1081] (tiled child +0xcc=0x00000000)
[ 9622.090 ms][tid 7f34] SIDEFIT> background target 1056 (client 1081 - cap 25) -> requesting 1048 + 8 slack; cap left at native so minH = 1056 + 25 = 1081
[ 9622.118 ms][tid 7f34] SIDEFIT> +0xc0 cached pristine art 96x417 pitch=192 (one-time)
[ 9622.134 ms][tid 7f34] SIDEFIT> +0xc0=0x0E2F0EA8 -> refitting to 96x1048 (art 96x417)
[ 9622.150 ms][tid 7f34] RZ   side child surface 0x0E2F0EA8 NO RECORDED CREATE (0 known) - FALLING BACK to field read-back [_ _ 7 16 0 0 0 0]. Field read-back is NOT proven equivalent: p3 measured 7 vs a recorded 4 on 2026-08-28.
[ 9622.164 ms][tid 7f34] RZ   side child surface replay at 96x1048 (+8 guard rows -> alloc h=1056, zoom-blit overrun fix)
[ 9622.243 ms][tid 7f34] RZ   side child surface FUN_10009efb -> 1 | now +0x24=96 +0x28=1056
[ 9622.261 ms][tid 7f34] SIDEFIT> lock -> 1 | bits=0x102DC0C8 pitch=192 new 96x1056
[ 9622.290 ms][tid 7f34] SIDEFIT> placed the 96x417 art ONCE at row 489 of 1056 and filled the rest from plain art row 413 (no tiling)
[ 9622.311 ms][tid 7f34] SIDEFIT> re-SetRect [1952 0 2048 1081] -> local now [1952 0 2048 1081]
[ 9622.326 ms][tid 7f34] SIDEFIT> dest rect +0xd0 [0 0 96 1056] left as-is (cap top 1056, panel 1081)
[ 9622.347 ms][tid 7f34] SIDEKIDS> pushed 71 side-panel BUTTON(s) down by 489 (panel 1081 tall local, native 442) + invalidated the panel
[ 9622.369 ms][tid 7f34] PARENT> bar hop 0: 0x00645380 ABS [0 0 800 600] LOCAL [0 0 800 600] -> 2048x1081
[ 9622.384 ms][tid 7f34] PARENT> bar hop 1: 0x00582998 ABS [0 0 800 600] LOCAL [0 0 800 600] -> 2048x1081
[ 9622.398 ms][tid 7f34] PARENT> side hop 0: 0x00645380 [0 0 2048 1081] already covers 2048x1081
[ 9622.412 ms][tid 7f34] PARENT> side hop 1: 0x00582998 [0 0 2048 1081] already covers 2048x1081
[ 9622.426 ms][tid 7f34] PARENT> minimap hop 0: 0x00645380 [0 0 2048 1081] already covers 2048x1081
[ 9622.439 ms][tid 7f34] PARENT> minimap hop 1: 0x00582998 [0 0 2048 1081] already covers 2048x1081
[ 9622.453 ms][tid 7f34] PARENT> win hop 0: 0x00645380 [0 0 2048 1081] already covers 2048x1081
[ 9622.466 ms][tid 7f34] PARENT> win hop 1: 0x00582998 [0 0 2048 1081] already covers 2048x1081
[ 9622.479 ms][tid 7f34] PARENT> win hop 0: 0x00645380 [0 0 2048 1081] already covers 2048x1081
[ 9622.493 ms][tid 7f34] PARENT> win hop 1: 0x00582998 [0 0 2048 1081] already covers 2048x1081
[ 9622.507 ms][tid 7f34] PARENT> win hop 0: 0x00645380 [0 0 2048 1081] already covers 2048x1081
[ 9622.520 ms][tid 7f34] PARENT> win hop 1: 0x00582998 [0 0 2048 1081] already covers 2048x1081
[ 9622.534 ms][tid 7f34] PARENT> win hop 0: 0x0F051AF0 ABS [640 436 800 600] LOCAL [1888 925 2048 1089] -> 2048x1081
[ 9622.547 ms][tid 7f34] PARENT> win hop 1: 0x00645380 [0 0 2048 1081] already covers 2048x1081
[ 9622.561 ms][tid 7f34] PARENT> win hop 2: 0x00582998 [0 0 2048 1081] already covers 2048x1081
[ 9622.582 ms][tid 7f34] GEOM> root ext already [0 0 2048 1081]
[ 9622.613 ms][tid 7f34] GEOM> city view 0x0F0523E4 hit [0 0 800 600] bounds [0 0 704 544]
[ 9622.628 ms][tid 7f34] GEOM> city view    hit [0 0 2048 1081] bounds [0 0 2048 1081]  (map clicks + camera pan)
[ 9622.642 ms][tid 7f34] GEOM> corner widget 0x0D355BF0 [774 574] -> [2022 1063] (hit rect carried)
[ 9622.656 ms][tid 7f34] GEOM> relocated 1 native-corner widget(s) by (1248,489)
[ 9622.691 ms][tid 7f34] CASCADE> root 0x00582998 vt+0x168 + vt+0x14c - derived rects rebuilt tree-wide from the LOCAL rects
[ 9622.709 ms][tid 7f34] RZ   ---- done (viewport: steps 1-11; step 12 HUD reflow not shipped, native) ----
[ 9846.829 ms][tid 7f34] RZ   STOREDRECT win=0x00C2B050 rect BEFORE {0,0,800,600} = 800x600
[ 9846.879 ms][tid 7f34] RZ   STOREDRECT rect AFTER  {0,0,2048,1081} = 2048x1081 - right/bottom updated
[ 9846.899 ms][tid 7f34] RZ   WM_SIZE 2048x1081 - poll will pick it up on the next frame
[403703.906 ms][tid 7f34] RZ   STOREDRECT win=0x00C2B050 rect BEFORE {0,0,2048,1081} = 2048x1081
[403703.983 ms][tid 7f34] RZ   STOREDRECT rect AFTER  {0,0,2048,1081} = 2048x1081 - right/bottom updated
[403704.008 ms][tid 7f34] RZ   WM_SIZE 2048x1081 - poll will pick it up on the next frame
