[    0.354 ms][tid 73d4] ### sc3resize loaded - resizable-window mod (minimal Init-free routine, validated 2026-08-27 over 6 runs)
[    0.505 ms][tid 73d4] ### FLAGS> cluster=1 input=0 nohit=0 hudfit=1 hudlab=0 sweep=0 side=0 mini=0 anchor=0 census=0 minzoom=0 readyms=3000 noparentfix=0 huddy=8
[    0.547 ms][tid 73d4] ### VEH crash logger installed (logs any hardware fault MODULE+RVA - for the zoom-after-resize crash the game swallows)
[    2.234 ms][tid b9d0] RZ   *** VEH FAULT *** code=0xC0000096 at SC3U.exe+0x84122 (base 0x00400000)  (resize step at fault=0)
[    2.313 ms][tid b9d0] RZ   VEH regs eax=00000000 ecx=BB2F0000 edx=00000000 ebx=00000001 esi=7FFFFFFF edi=FFFFFFFF ebp=001AFD00 esp=001AFCFC
[    2.351 ms][tid b9d0] RZ   VEH [esp]=0x00000000 -> 0x00000000 (no module)
[  115.755 ms][tid 6d44] ### RESIZE: SIMSPR base 0x03310000 (relocated: YES)  GZGraphicD base 0x02F10000 (YES)
[  115.875 ms][tid 6d44] --- WINDOWED: GZGraphicD+0x6cdac = 0 -> 1
[  115.969 ms][tid 6d44] --- WINDOWED: GZGraphicD+0x117D6 'mov [ebx+0x48],1' -> nop x4
[  116.057 ms][tid 6d44] --- FIX16: 16bpp branch injected at 0x19349 -> cave 0x03580000 (5-6-5)
[  116.173 ms][tid 6d44] --- GRIDB_CLAMP FUN_1000cedb: index clamped (hook 0xCFAB -> cave 0x614E0, base 0x03310000)
[  116.257 ms][tid 6d44] --- GRIDB_CLAMP FUN_1000d0f5: index clamped (hook 0xD281 -> cave 0x61520, base 0x03310000)
[  116.336 ms][tid 6d44] --- GRIDB_CLAMP FUN_1000be25: index clamped (hook 0xC412 -> cave 0x61560, base 0x03310000)
[  116.392 ms][tid 6d44] --- GRIDB_CLAMP FUN_1000ef50: index clamped (hook 0xEF50 -> cave 0x615A0, base 0x03310000)
[  116.439 ms][tid 6d44] --- GRIDB_CLAMP FUN_1000efa1: index clamped (hook 0xEFD6 -> cave 0x615E0, base 0x03310000)
[  116.483 ms][tid 6d44] --- EFA1_GUARD: empty-bucket branch 0xefc2 retargeted to the ret (was -> 0xefe3 deref)
[  116.505 ms][tid 6d44] --- GRIDB_CLAMP: 4 walkers index-clamped (FIX A) + FUN_1000efa1 null-guarded (FIX C)
[  116.562 ms][tid 6d44] ### RESIZE: armed - windowed+fix16 applied, bridge capture at SIMSPR+0x16EBA, per-frame poll at GZGraphicD+0x18C58 (create recorder DROPPED after v2 crash)
[  116.624 ms][tid 6d44] --- HUD: FUN_100270e5 wrapped (cave 0x035A0000 tr 0x03590060) - top-strip reflow armed
[  116.645 ms][tid 6d44] FN  SIMUI FUN_1004e123 side ctor: relocated rel32 at +3 -> 0x0340D9BE
[  116.681 ms][tid 6d44] FN  SIMUI FUN_1001a983 ctor A: relocated rel32 at +3 -> 0x0342C2F7
[ 1194.039 ms][tid b9d0] ### RESIZE: window 0x006F18DC subclassed (old proc 0x02F27E11) - WM_SIZE observed, resize performed on the render thread
[ 3688.209 ms][tid b9d0] ### SIDE: panel window captured 0x0D3787C0 (SIMUI FUN_1004e123 ctor)
[ 3732.733 ms][tid b9d0] ### RESIZE: bridge captured 0x0E1A4CD0 (iso view = bridge+0x18 = 0x00000000); readiness gate = 3000 ms
[ 4257.939 ms][tid b9d0] ### MINI: window captured 0x0F06AAB0 vt=0x0346A180 dest(this+0x90)=[640 436 800 600] 160x164
[ 9214.559 ms][tid b9d0] RZ   size change: client 2048x1081 vs render target 800x600
[ 9214.675 ms][tid b9d0] RZ   ---- resize to 2048x1081 ---- iso=0x0DB398B0 R=0x0F06AEE0 B=0x00548A28 bridge=0x0E1A4CD0
[ 9214.706 ms][tid b9d0] RZ   extent BEFORE: (-848,2924,-48,3524) -> 800x600  dirtygrid=40x30 cell=20x20
[ 9214.747 ms][tid b9d0] RZ   extent AFTER: (-848,2924,1200,4005) -> 2048x1081  dirtygrid=16x8 cell=128x135  (cell sizes plausible)
[ 9214.774 ms][tid b9d0] RZ   render-target iso+0x74 0x0F06AEE0 NO RECORDED CREATE (0 known) - FALLING BACK to field read-back [_ _ 7 16 0 0 0 0]. Field read-back is NOT proven equivalent: p3 measured 7 vs a recorded 4 on 2026-08-28.
[ 9214.800 ms][tid b9d0] RZ   render-target iso+0x74 replay at 2048x1081 (+8 guard rows -> alloc h=1089, zoom-blit overrun fix)
[ 9214.862 ms][tid b9d0] RZ   render-target iso+0x74 FUN_10009efb -> 1 | now +0x24=2048 +0x28=1089
[ 9214.889 ms][tid b9d0] RZ   device-surface iso+0x4ec 0x00548A28 NO RECORDED CREATE (0 known) - FALLING BACK to field read-back [_ _ 7 16 0 0 3 0]. Field read-back is NOT proven equivalent: p3 measured 7 vs a recorded 4 on 2026-08-28.
[ 9214.905 ms][tid b9d0] RZ   device-surface iso+0x4ec replay at 2048x1081 (+8 guard rows -> alloc h=1089, zoom-blit overrun fix)
[ 9216.908 ms][tid b9d0] RZ   device-surface iso+0x4ec FUN_10009efb -> 1 | now +0x24=2048 +0x28=1089
[ 9281.026 ms][tid b9d0] RZ   FUN_10018cdf -> 1
[ 9281.113 ms][tid b9d0] RZ   [step 8a] FUN_1000c8f9(iso) - recompute object draw keys
[ 9281.144 ms][tid b9d0] RZ   [step 8b] FUN_1000c9bd(iso, &sentinel, iso+0x54, 1) - clear grid + region pickup + re-register (the real object re-register, not the leaf FUN_1000fa36)
[ 9281.431 ms][tid b9d0] RZ   [step 8b] FUN_1000c9bd returned
[ 9285.396 ms][tid b9d0] RZ   [step 8c] grid re-show 256x256: 65536 occupied, 65536 re-shown, 0 bad (hide+show +0x38/+0x34 per cell)
[ 9285.452 ms][tid b9d0] RZ   [step 9] present list iso+0x4d0: begin=0x0DAEC388 end=0x0DAEC3A8 (2 rect(s)) - erase then push {0,0,2048,1081}
[ 9285.469 ms][tid b9d0] RZ   [step 9] after: begin=0x0DAEC388 end=0x0DAEC398 (1 rect(s))
[ 9285.484 ms][tid b9d0] RZ   [step 10] device batch begin: dev=0x0DA98170 +0x240
[ 9285.498 ms][tid b9d0] RZ   [step 10] FUN_1000db86(iso) - whole-view repaint (iso vt+0x144)
[ 9285.515 ms][tid b9d0] RZ   [step 10] device batch end +0x244 - presented; iso+0x32c=1
[ 9285.531 ms][tid b9d0] RZ   [step 11] FUN_10018cdf(bridge, base layer 0x0D387FF8, base rend 0x0F029618, force=1) - SetDataView(0) core, restore active layer + forced refresh
[ 9338.534 ms][tid b9d0] RZ   [step 11] returned - active layer bridge+0x28 = 0x0D387FF8
[ 9338.622 ms][tid b9d0] CLUSTER> cached bar native [0 544 599 600]
[ 9338.654 ms][tid b9d0] CLUSTER> cached side native [704 0 800 442]
[ 9338.678 ms][tid b9d0] CLUSTER> bottom bar [0 544 599 600] -> [1248 1033 1847 1089]
[ 9338.708 ms][tid b9d0] HIT> bottom bar: rect +0x80..0x8c = [1248 1033 1847 1089] (599x56)  want origin (1248,1033)
[ 9338.730 ms][tid b9d0] CLUSTER> side panel [704 0 800 442] -> [1952 489 2048 931]
[ 9338.765 ms][tid b9d0] HIT> side panel: rect +0x80..0x8c = [1952 489 2048 931] (96x442)  want origin (1952,489)
[ 9338.789 ms][tid b9d0] HIT> painter window: rect +0x80..0x8c = [1847 1009 1888 1097] (41x88)  want origin (1847,1009)
[ 9338.813 ms][tid b9d0] HIT> painter window: rect +0x80..0x8c = [1888 925 2048 1089] (160x164)  want origin (1888,925)
[ 9338.835 ms][tid b9d0] HIT> painter window: rect +0x80..0x8c = [1386 561 1395 576] (9x15)  want origin (1386,561)
[ 9338.854 ms][tid b9d0] CLUSTER> translated 3 painter windows by (1248,489); HUD kept at native size
[ 9338.875 ms][tid b9d0] CLUSTER>   [0] 0x0EE830B0 paint=[1847 1009 1888 1097] window=[1847 1009 1888 1097]
[ 9338.896 ms][tid b9d0] CLUSTER>   [1] 0x0D3787C0 paint=[1952 489 2048 931] window=[1952 489 2048 931]
[ 9338.918 ms][tid b9d0] CLUSTER>   [2] 0x0F06AAB0 paint=[1888 925 2048 1089] window=[1888 925 2048 1089]
[ 9338.939 ms][tid b9d0] CLUSTER>   [3] 0x0DB10F98 paint=[1386 561 1395 576] window=[3274 1486 3283 1501]   <<< PAINT/WINDOW DIVERGE
[ 9338.960 ms][tid b9d0] PARENT> win hop 0: 0x00602718 [0 0 800 600] -> [0 0 2048 1081]
[ 9338.981 ms][tid b9d0] PARENT> win hop 1: 0x00C006D0 [0 0 800 600] -> [0 0 2048 1081]
[ 9339.002 ms][tid b9d0] PARENT> win hop 0: 0x00602718 [0 0 2048 1081] already covers 2048x1081
[ 9339.022 ms][tid b9d0] PARENT> win hop 1: 0x00C006D0 [0 0 2048 1081] already covers 2048x1081
[ 9339.046 ms][tid b9d0] PARENT> win hop 0: 0x00602718 [0 0 2048 1081] already covers 2048x1081
[ 9339.067 ms][tid b9d0] PARENT> win hop 1: 0x00C006D0 [0 0 2048 1081] already covers 2048x1081
[ 9339.086 ms][tid b9d0] PARENT> win hop 0: 0x0F06AAB0 [1888 925 2048 1089] already covers 2048x1081
[ 9339.105 ms][tid b9d0] PARENT> win hop 1: 0x00602718 [0 0 2048 1081] already covers 2048x1081
[ 9339.127 ms][tid b9d0] PARENT> win hop 2: 0x00C006D0 [0 0 2048 1081] already covers 2048x1081
[ 9339.151 ms][tid b9d0] PARENT> minimap hop 0: 0x00602718 [0 0 2048 1081] already covers 2048x1081
[ 9339.174 ms][tid b9d0] PARENT> minimap hop 1: 0x00C006D0 [0 0 2048 1081] already covers 2048x1081
[ 9339.209 ms][tid b9d0] GEOM> root 0x00C006D0 ext [0 0 800 600] -> [0 0 2048 1081]  (hover label clamp)
[ 9339.286 ms][tid b9d0] GEOM> city view 0x0F06C3AC hit [0 0 800 600] bounds [0 0 704 544]
[ 9339.305 ms][tid b9d0] GEOM> city view    hit [0 0 2048 1081] bounds [0 0 2048 1081]  (map clicks + camera pan)
[ 9339.321 ms][tid b9d0] GEOM> corner widget 0x0D381AE8 [774 574] -> [2022 1063] (hit rect carried)
[ 9339.335 ms][tid b9d0] GEOM> relocated 1 native-corner widget(s) by (1248,489)
[ 9339.358 ms][tid b9d0] RZ   ---- done (viewport: steps 1-11; step 12 HUD reflow not shipped, native) ----
[ 9859.112 ms][tid b9d0] RZ   STOREDRECT win=0x00C005C0 rect BEFORE {0,0,800,600} = 800x600
[ 9859.193 ms][tid b9d0] RZ   STOREDRECT rect AFTER  {0,0,2048,1081} = 2048x1081 - right/bottom updated
[ 9859.217 ms][tid b9d0] RZ   WM_SIZE 2048x1081 - poll will pick it up on the next frame
